
Copyright (C) 1994-2020 Synopsys, Inc.
This Synopsys software and all associated documentation are proprietary to Synopsys, Inc.
and may only be used pursuant to the terms and conditions of a written license agreement
with Synopsys, Inc. All other use, reproduction, modification, or distribution of the
Synopsys software or the associated documentation is strictly prohibited.
Tool: Synplify Pro (R)
Build: Q-2020.03L-SP1
Install: C:\lscc\diamond\3.12\synpbase
OS: Windows 6.2

Hostname: LAPTOP-QU0RURPA

Implementation : impl1
Synopsys HDL compiler and linker, Version comp202003synp2, Build 182R, Built Oct 29 2020 10:49:53, @

Modified Files: 3
FID:  path (prevtimestamp, timestamp)
32       C:\Users\cypri\OneDrive\Documents\GIT\PGE\10_FPGA_ANALYSE\SDI2\impl1\reveal_workspace\tmpreveal\TOP_LEVEL_rvl_top.vhd (2021-01-26 07:42:54, 2021-01-26 07:54:49)
33       C:\Users\cypri\OneDrive\Documents\GIT\PGE\10_FPGA_ANALYSE\SDI2\impl1\reveal_workspace\tmpreveal\top_level_la0_gen.v (2021-01-26 07:42:54, 2021-01-26 07:54:49)
34       C:\Users\cypri\OneDrive\Documents\GIT\PGE\10_FPGA_ANALYSE\SDI2\impl1\reveal_workspace\tmpreveal\top_level_la0_trig_gen.v (2021-01-26 07:42:54, 2021-01-26 07:54:49)

*******************************************************************
Modules that may have changed as a result of file changes: 51
MID:  lib.cell.view
17       work.jtagconn16.verilog may have changed because the following files changed:
                        C:\Users\cypri\OneDrive\Documents\GIT\PGE\10_FPGA_ANALYSE\SDI2\impl1\reveal_workspace\tmpreveal\TOP_LEVEL_rvl_top.vhd (2021-01-26 07:42:54, 2021-01-26 07:54:49) <-- (may instantiate this module)
                        C:\Users\cypri\OneDrive\Documents\GIT\PGE\10_FPGA_ANALYSE\SDI2\impl1\reveal_workspace\tmpreveal\top_level_la0_gen.v (2021-01-26 07:42:54, 2021-01-26 07:54:49) <-- (may instantiate this module)
                        C:\Users\cypri\OneDrive\Documents\GIT\PGE\10_FPGA_ANALYSE\SDI2\impl1\reveal_workspace\tmpreveal\top_level_la0_trig_gen.v (2021-01-26 07:42:54, 2021-01-26 07:54:49) <-- (may instantiate this module)
0        work.pcs_ip.pcs_ip_arch may have changed because the following files changed:
                        C:\Users\cypri\OneDrive\Documents\GIT\PGE\10_FPGA_ANALYSE\SDI2\impl1\reveal_workspace\tmpreveal\TOP_LEVEL_rvl_top.vhd (2021-01-26 07:42:54, 2021-01-26 07:54:49) <-- (architecture and entity definition)
20       work.pcs_ip_uniq_0.pcs_ip_arch may have changed because the following files changed:
                        C:\Users\cypri\OneDrive\Documents\GIT\PGE\10_FPGA_ANALYSE\SDI2\impl1\reveal_workspace\tmpreveal\TOP_LEVEL_rvl_top.vhd (2021-01-26 07:42:54, 2021-01-26 07:54:49) <-- (architecture and entity definition)
2        work.pcs_iprx_reset_sm.rx_reset_sm_arch may have changed because the following files changed:
                        C:\Users\cypri\OneDrive\Documents\GIT\PGE\10_FPGA_ANALYSE\SDI2\impl1\reveal_workspace\tmpreveal\TOP_LEVEL_rvl_top.vhd (2021-01-26 07:42:54, 2021-01-26 07:54:49) <-- (architecture and entity definition)
22       work.pcs_iprx_reset_sm_uniq_0.rx_reset_sm_arch may have changed because the following files changed:
                        C:\Users\cypri\OneDrive\Documents\GIT\PGE\10_FPGA_ANALYSE\SDI2\impl1\reveal_workspace\tmpreveal\TOP_LEVEL_rvl_top.vhd (2021-01-26 07:42:54, 2021-01-26 07:54:49) <-- (architecture and entity definition)
24       work.pll_1.structure may have changed because the following files changed:
                        C:\Users\cypri\OneDrive\Documents\GIT\PGE\10_FPGA_ANALYSE\SDI2\impl1\reveal_workspace\tmpreveal\TOP_LEVEL_rvl_top.vhd (2021-01-26 07:42:54, 2021-01-26 07:54:49) <-- (architecture and entity definition)
26       work.pll_1_uniq_0.structure may have changed because the following files changed:
                        C:\Users\cypri\OneDrive\Documents\GIT\PGE\10_FPGA_ANALYSE\SDI2\impl1\reveal_workspace\tmpreveal\TOP_LEVEL_rvl_top.vhd (2021-01-26 07:42:54, 2021-01-26 07:54:49) <-- (architecture and entity definition)
28       work.pll_1_uniq_1.structure may have changed because the following files changed:
                        C:\Users\cypri\OneDrive\Documents\GIT\PGE\10_FPGA_ANALYSE\SDI2\impl1\reveal_workspace\tmpreveal\TOP_LEVEL_rvl_top.vhd (2021-01-26 07:42:54, 2021-01-26 07:54:49) <-- (architecture and entity definition)
30       work.pll_2.structure may have changed because the following files changed:
                        C:\Users\cypri\OneDrive\Documents\GIT\PGE\10_FPGA_ANALYSE\SDI2\impl1\reveal_workspace\tmpreveal\TOP_LEVEL_rvl_top.vhd (2021-01-26 07:42:54, 2021-01-26 07:54:49) <-- (architecture and entity definition)
32       work.pmi_add.verilog may have changed because the following files changed:
                        C:\Users\cypri\OneDrive\Documents\GIT\PGE\10_FPGA_ANALYSE\SDI2\impl1\reveal_workspace\tmpreveal\TOP_LEVEL_rvl_top.vhd (2021-01-26 07:42:54, 2021-01-26 07:54:49) <-- (may instantiate this module)
                        C:\Users\cypri\OneDrive\Documents\GIT\PGE\10_FPGA_ANALYSE\SDI2\impl1\reveal_workspace\tmpreveal\top_level_la0_gen.v (2021-01-26 07:42:54, 2021-01-26 07:54:49) <-- (may instantiate this module)
                        C:\Users\cypri\OneDrive\Documents\GIT\PGE\10_FPGA_ANALYSE\SDI2\impl1\reveal_workspace\tmpreveal\top_level_la0_trig_gen.v (2021-01-26 07:42:54, 2021-01-26 07:54:49) <-- (may instantiate this module)
33       work.pmi_addsub.verilog may have changed because the following files changed:
                        C:\Users\cypri\OneDrive\Documents\GIT\PGE\10_FPGA_ANALYSE\SDI2\impl1\reveal_workspace\tmpreveal\TOP_LEVEL_rvl_top.vhd (2021-01-26 07:42:54, 2021-01-26 07:54:49) <-- (may instantiate this module)
                        C:\Users\cypri\OneDrive\Documents\GIT\PGE\10_FPGA_ANALYSE\SDI2\impl1\reveal_workspace\tmpreveal\top_level_la0_gen.v (2021-01-26 07:42:54, 2021-01-26 07:54:49) <-- (may instantiate this module)
                        C:\Users\cypri\OneDrive\Documents\GIT\PGE\10_FPGA_ANALYSE\SDI2\impl1\reveal_workspace\tmpreveal\top_level_la0_trig_gen.v (2021-01-26 07:42:54, 2021-01-26 07:54:49) <-- (may instantiate this module)
34       work.pmi_complex_mult.verilog may have changed because the following files changed:
                        C:\Users\cypri\OneDrive\Documents\GIT\PGE\10_FPGA_ANALYSE\SDI2\impl1\reveal_workspace\tmpreveal\TOP_LEVEL_rvl_top.vhd (2021-01-26 07:42:54, 2021-01-26 07:54:49) <-- (may instantiate this module)
                        C:\Users\cypri\OneDrive\Documents\GIT\PGE\10_FPGA_ANALYSE\SDI2\impl1\reveal_workspace\tmpreveal\top_level_la0_gen.v (2021-01-26 07:42:54, 2021-01-26 07:54:49) <-- (may instantiate this module)
                        C:\Users\cypri\OneDrive\Documents\GIT\PGE\10_FPGA_ANALYSE\SDI2\impl1\reveal_workspace\tmpreveal\top_level_la0_trig_gen.v (2021-01-26 07:42:54, 2021-01-26 07:54:49) <-- (may instantiate this module)
35       work.pmi_constant_mult.verilog may have changed because the following files changed:
                        C:\Users\cypri\OneDrive\Documents\GIT\PGE\10_FPGA_ANALYSE\SDI2\impl1\reveal_workspace\tmpreveal\TOP_LEVEL_rvl_top.vhd (2021-01-26 07:42:54, 2021-01-26 07:54:49) <-- (may instantiate this module)
                        C:\Users\cypri\OneDrive\Documents\GIT\PGE\10_FPGA_ANALYSE\SDI2\impl1\reveal_workspace\tmpreveal\top_level_la0_gen.v (2021-01-26 07:42:54, 2021-01-26 07:54:49) <-- (may instantiate this module)
                        C:\Users\cypri\OneDrive\Documents\GIT\PGE\10_FPGA_ANALYSE\SDI2\impl1\reveal_workspace\tmpreveal\top_level_la0_trig_gen.v (2021-01-26 07:42:54, 2021-01-26 07:54:49) <-- (may instantiate this module)
36       work.pmi_counter.verilog may have changed because the following files changed:
                        C:\Users\cypri\OneDrive\Documents\GIT\PGE\10_FPGA_ANALYSE\SDI2\impl1\reveal_workspace\tmpreveal\TOP_LEVEL_rvl_top.vhd (2021-01-26 07:42:54, 2021-01-26 07:54:49) <-- (may instantiate this module)
                        C:\Users\cypri\OneDrive\Documents\GIT\PGE\10_FPGA_ANALYSE\SDI2\impl1\reveal_workspace\tmpreveal\top_level_la0_gen.v (2021-01-26 07:42:54, 2021-01-26 07:54:49) <-- (may instantiate this module)
                        C:\Users\cypri\OneDrive\Documents\GIT\PGE\10_FPGA_ANALYSE\SDI2\impl1\reveal_workspace\tmpreveal\top_level_la0_trig_gen.v (2021-01-26 07:42:54, 2021-01-26 07:54:49) <-- (may instantiate this module)
37       work.pmi_distributed_dpram.verilog may have changed because the following files changed:
                        C:\Users\cypri\OneDrive\Documents\GIT\PGE\10_FPGA_ANALYSE\SDI2\impl1\reveal_workspace\tmpreveal\TOP_LEVEL_rvl_top.vhd (2021-01-26 07:42:54, 2021-01-26 07:54:49) <-- (may instantiate this module)
                        C:\Users\cypri\OneDrive\Documents\GIT\PGE\10_FPGA_ANALYSE\SDI2\impl1\reveal_workspace\tmpreveal\top_level_la0_gen.v (2021-01-26 07:42:54, 2021-01-26 07:54:49) <-- (may instantiate this module)
                        C:\Users\cypri\OneDrive\Documents\GIT\PGE\10_FPGA_ANALYSE\SDI2\impl1\reveal_workspace\tmpreveal\top_level_la0_trig_gen.v (2021-01-26 07:42:54, 2021-01-26 07:54:49) <-- (may instantiate this module)
38       work.pmi_distributed_rom.verilog may have changed because the following files changed:
                        C:\Users\cypri\OneDrive\Documents\GIT\PGE\10_FPGA_ANALYSE\SDI2\impl1\reveal_workspace\tmpreveal\TOP_LEVEL_rvl_top.vhd (2021-01-26 07:42:54, 2021-01-26 07:54:49) <-- (may instantiate this module)
                        C:\Users\cypri\OneDrive\Documents\GIT\PGE\10_FPGA_ANALYSE\SDI2\impl1\reveal_workspace\tmpreveal\top_level_la0_gen.v (2021-01-26 07:42:54, 2021-01-26 07:54:49) <-- (may instantiate this module)
                        C:\Users\cypri\OneDrive\Documents\GIT\PGE\10_FPGA_ANALYSE\SDI2\impl1\reveal_workspace\tmpreveal\top_level_la0_trig_gen.v (2021-01-26 07:42:54, 2021-01-26 07:54:49) <-- (may instantiate this module)
39       work.pmi_distributed_shift_reg.verilog may have changed because the following files changed:
                        C:\Users\cypri\OneDrive\Documents\GIT\PGE\10_FPGA_ANALYSE\SDI2\impl1\reveal_workspace\tmpreveal\TOP_LEVEL_rvl_top.vhd (2021-01-26 07:42:54, 2021-01-26 07:54:49) <-- (may instantiate this module)
                        C:\Users\cypri\OneDrive\Documents\GIT\PGE\10_FPGA_ANALYSE\SDI2\impl1\reveal_workspace\tmpreveal\top_level_la0_gen.v (2021-01-26 07:42:54, 2021-01-26 07:54:49) <-- (may instantiate this module)
                        C:\Users\cypri\OneDrive\Documents\GIT\PGE\10_FPGA_ANALYSE\SDI2\impl1\reveal_workspace\tmpreveal\top_level_la0_trig_gen.v (2021-01-26 07:42:54, 2021-01-26 07:54:49) <-- (may instantiate this module)
40       work.pmi_distributed_spram.verilog may have changed because the following files changed:
                        C:\Users\cypri\OneDrive\Documents\GIT\PGE\10_FPGA_ANALYSE\SDI2\impl1\reveal_workspace\tmpreveal\TOP_LEVEL_rvl_top.vhd (2021-01-26 07:42:54, 2021-01-26 07:54:49) <-- (may instantiate this module)
                        C:\Users\cypri\OneDrive\Documents\GIT\PGE\10_FPGA_ANALYSE\SDI2\impl1\reveal_workspace\tmpreveal\top_level_la0_gen.v (2021-01-26 07:42:54, 2021-01-26 07:54:49) <-- (may instantiate this module)
                        C:\Users\cypri\OneDrive\Documents\GIT\PGE\10_FPGA_ANALYSE\SDI2\impl1\reveal_workspace\tmpreveal\top_level_la0_trig_gen.v (2021-01-26 07:42:54, 2021-01-26 07:54:49) <-- (may instantiate this module)
41       work.pmi_dsp_casmultaddsub.verilog may have changed because the following files changed:
                        C:\Users\cypri\OneDrive\Documents\GIT\PGE\10_FPGA_ANALYSE\SDI2\impl1\reveal_workspace\tmpreveal\TOP_LEVEL_rvl_top.vhd (2021-01-26 07:42:54, 2021-01-26 07:54:49) <-- (may instantiate this module)
                        C:\Users\cypri\OneDrive\Documents\GIT\PGE\10_FPGA_ANALYSE\SDI2\impl1\reveal_workspace\tmpreveal\top_level_la0_gen.v (2021-01-26 07:42:54, 2021-01-26 07:54:49) <-- (may instantiate this module)
                        C:\Users\cypri\OneDrive\Documents\GIT\PGE\10_FPGA_ANALYSE\SDI2\impl1\reveal_workspace\tmpreveal\top_level_la0_trig_gen.v (2021-01-26 07:42:54, 2021-01-26 07:54:49) <-- (may instantiate this module)
42       work.pmi_dsp_mac.verilog may have changed because the following files changed:
                        C:\Users\cypri\OneDrive\Documents\GIT\PGE\10_FPGA_ANALYSE\SDI2\impl1\reveal_workspace\tmpreveal\TOP_LEVEL_rvl_top.vhd (2021-01-26 07:42:54, 2021-01-26 07:54:49) <-- (may instantiate this module)
                        C:\Users\cypri\OneDrive\Documents\GIT\PGE\10_FPGA_ANALYSE\SDI2\impl1\reveal_workspace\tmpreveal\top_level_la0_gen.v (2021-01-26 07:42:54, 2021-01-26 07:54:49) <-- (may instantiate this module)
                        C:\Users\cypri\OneDrive\Documents\GIT\PGE\10_FPGA_ANALYSE\SDI2\impl1\reveal_workspace\tmpreveal\top_level_la0_trig_gen.v (2021-01-26 07:42:54, 2021-01-26 07:54:49) <-- (may instantiate this module)
43       work.pmi_dsp_mult.verilog may have changed because the following files changed:
                        C:\Users\cypri\OneDrive\Documents\GIT\PGE\10_FPGA_ANALYSE\SDI2\impl1\reveal_workspace\tmpreveal\TOP_LEVEL_rvl_top.vhd (2021-01-26 07:42:54, 2021-01-26 07:54:49) <-- (may instantiate this module)
                        C:\Users\cypri\OneDrive\Documents\GIT\PGE\10_FPGA_ANALYSE\SDI2\impl1\reveal_workspace\tmpreveal\top_level_la0_gen.v (2021-01-26 07:42:54, 2021-01-26 07:54:49) <-- (may instantiate this module)
                        C:\Users\cypri\OneDrive\Documents\GIT\PGE\10_FPGA_ANALYSE\SDI2\impl1\reveal_workspace\tmpreveal\top_level_la0_trig_gen.v (2021-01-26 07:42:54, 2021-01-26 07:54:49) <-- (may instantiate this module)
44       work.pmi_dsp_multaddsub.verilog may have changed because the following files changed:
                        C:\Users\cypri\OneDrive\Documents\GIT\PGE\10_FPGA_ANALYSE\SDI2\impl1\reveal_workspace\tmpreveal\TOP_LEVEL_rvl_top.vhd (2021-01-26 07:42:54, 2021-01-26 07:54:49) <-- (may instantiate this module)
                        C:\Users\cypri\OneDrive\Documents\GIT\PGE\10_FPGA_ANALYSE\SDI2\impl1\reveal_workspace\tmpreveal\top_level_la0_gen.v (2021-01-26 07:42:54, 2021-01-26 07:54:49) <-- (may instantiate this module)
                        C:\Users\cypri\OneDrive\Documents\GIT\PGE\10_FPGA_ANALYSE\SDI2\impl1\reveal_workspace\tmpreveal\top_level_la0_trig_gen.v (2021-01-26 07:42:54, 2021-01-26 07:54:49) <-- (may instantiate this module)
45       work.pmi_dsp_multaddsubsum.verilog may have changed because the following files changed:
                        C:\Users\cypri\OneDrive\Documents\GIT\PGE\10_FPGA_ANALYSE\SDI2\impl1\reveal_workspace\tmpreveal\TOP_LEVEL_rvl_top.vhd (2021-01-26 07:42:54, 2021-01-26 07:54:49) <-- (may instantiate this module)
                        C:\Users\cypri\OneDrive\Documents\GIT\PGE\10_FPGA_ANALYSE\SDI2\impl1\reveal_workspace\tmpreveal\top_level_la0_gen.v (2021-01-26 07:42:54, 2021-01-26 07:54:49) <-- (may instantiate this module)
                        C:\Users\cypri\OneDrive\Documents\GIT\PGE\10_FPGA_ANALYSE\SDI2\impl1\reveal_workspace\tmpreveal\top_level_la0_trig_gen.v (2021-01-26 07:42:54, 2021-01-26 07:54:49) <-- (may instantiate this module)
46       work.pmi_dsp_preadd_slice.verilog may have changed because the following files changed:
                        C:\Users\cypri\OneDrive\Documents\GIT\PGE\10_FPGA_ANALYSE\SDI2\impl1\reveal_workspace\tmpreveal\TOP_LEVEL_rvl_top.vhd (2021-01-26 07:42:54, 2021-01-26 07:54:49) <-- (may instantiate this module)
                        C:\Users\cypri\OneDrive\Documents\GIT\PGE\10_FPGA_ANALYSE\SDI2\impl1\reveal_workspace\tmpreveal\top_level_la0_gen.v (2021-01-26 07:42:54, 2021-01-26 07:54:49) <-- (may instantiate this module)
                        C:\Users\cypri\OneDrive\Documents\GIT\PGE\10_FPGA_ANALYSE\SDI2\impl1\reveal_workspace\tmpreveal\top_level_la0_trig_gen.v (2021-01-26 07:42:54, 2021-01-26 07:54:49) <-- (may instantiate this module)
47       work.pmi_fifo.verilog may have changed because the following files changed:
                        C:\Users\cypri\OneDrive\Documents\GIT\PGE\10_FPGA_ANALYSE\SDI2\impl1\reveal_workspace\tmpreveal\TOP_LEVEL_rvl_top.vhd (2021-01-26 07:42:54, 2021-01-26 07:54:49) <-- (may instantiate this module)
                        C:\Users\cypri\OneDrive\Documents\GIT\PGE\10_FPGA_ANALYSE\SDI2\impl1\reveal_workspace\tmpreveal\top_level_la0_gen.v (2021-01-26 07:42:54, 2021-01-26 07:54:49) <-- (may instantiate this module)
                        C:\Users\cypri\OneDrive\Documents\GIT\PGE\10_FPGA_ANALYSE\SDI2\impl1\reveal_workspace\tmpreveal\top_level_la0_trig_gen.v (2021-01-26 07:42:54, 2021-01-26 07:54:49) <-- (may instantiate this module)
48       work.pmi_fifo_dc.verilog may have changed because the following files changed:
                        C:\Users\cypri\OneDrive\Documents\GIT\PGE\10_FPGA_ANALYSE\SDI2\impl1\reveal_workspace\tmpreveal\TOP_LEVEL_rvl_top.vhd (2021-01-26 07:42:54, 2021-01-26 07:54:49) <-- (may instantiate this module)
                        C:\Users\cypri\OneDrive\Documents\GIT\PGE\10_FPGA_ANALYSE\SDI2\impl1\reveal_workspace\tmpreveal\top_level_la0_gen.v (2021-01-26 07:42:54, 2021-01-26 07:54:49) <-- (may instantiate this module)
                        C:\Users\cypri\OneDrive\Documents\GIT\PGE\10_FPGA_ANALYSE\SDI2\impl1\reveal_workspace\tmpreveal\top_level_la0_trig_gen.v (2021-01-26 07:42:54, 2021-01-26 07:54:49) <-- (may instantiate this module)
49       work.pmi_mac.verilog may have changed because the following files changed:
                        C:\Users\cypri\OneDrive\Documents\GIT\PGE\10_FPGA_ANALYSE\SDI2\impl1\reveal_workspace\tmpreveal\TOP_LEVEL_rvl_top.vhd (2021-01-26 07:42:54, 2021-01-26 07:54:49) <-- (may instantiate this module)
                        C:\Users\cypri\OneDrive\Documents\GIT\PGE\10_FPGA_ANALYSE\SDI2\impl1\reveal_workspace\tmpreveal\top_level_la0_gen.v (2021-01-26 07:42:54, 2021-01-26 07:54:49) <-- (may instantiate this module)
                        C:\Users\cypri\OneDrive\Documents\GIT\PGE\10_FPGA_ANALYSE\SDI2\impl1\reveal_workspace\tmpreveal\top_level_la0_trig_gen.v (2021-01-26 07:42:54, 2021-01-26 07:54:49) <-- (may instantiate this module)
50       work.pmi_mult.verilog may have changed because the following files changed:
                        C:\Users\cypri\OneDrive\Documents\GIT\PGE\10_FPGA_ANALYSE\SDI2\impl1\reveal_workspace\tmpreveal\TOP_LEVEL_rvl_top.vhd (2021-01-26 07:42:54, 2021-01-26 07:54:49) <-- (may instantiate this module)
                        C:\Users\cypri\OneDrive\Documents\GIT\PGE\10_FPGA_ANALYSE\SDI2\impl1\reveal_workspace\tmpreveal\top_level_la0_gen.v (2021-01-26 07:42:54, 2021-01-26 07:54:49) <-- (may instantiate this module)
                        C:\Users\cypri\OneDrive\Documents\GIT\PGE\10_FPGA_ANALYSE\SDI2\impl1\reveal_workspace\tmpreveal\top_level_la0_trig_gen.v (2021-01-26 07:42:54, 2021-01-26 07:54:49) <-- (may instantiate this module)
51       work.pmi_multaddsub.verilog may have changed because the following files changed:
                        C:\Users\cypri\OneDrive\Documents\GIT\PGE\10_FPGA_ANALYSE\SDI2\impl1\reveal_workspace\tmpreveal\TOP_LEVEL_rvl_top.vhd (2021-01-26 07:42:54, 2021-01-26 07:54:49) <-- (may instantiate this module)
                        C:\Users\cypri\OneDrive\Documents\GIT\PGE\10_FPGA_ANALYSE\SDI2\impl1\reveal_workspace\tmpreveal\top_level_la0_gen.v (2021-01-26 07:42:54, 2021-01-26 07:54:49) <-- (may instantiate this module)
                        C:\Users\cypri\OneDrive\Documents\GIT\PGE\10_FPGA_ANALYSE\SDI2\impl1\reveal_workspace\tmpreveal\top_level_la0_trig_gen.v (2021-01-26 07:42:54, 2021-01-26 07:54:49) <-- (may instantiate this module)
52       work.pmi_multaddsubsum.verilog may have changed because the following files changed:
                        C:\Users\cypri\OneDrive\Documents\GIT\PGE\10_FPGA_ANALYSE\SDI2\impl1\reveal_workspace\tmpreveal\TOP_LEVEL_rvl_top.vhd (2021-01-26 07:42:54, 2021-01-26 07:54:49) <-- (may instantiate this module)
                        C:\Users\cypri\OneDrive\Documents\GIT\PGE\10_FPGA_ANALYSE\SDI2\impl1\reveal_workspace\tmpreveal\top_level_la0_gen.v (2021-01-26 07:42:54, 2021-01-26 07:54:49) <-- (may instantiate this module)
                        C:\Users\cypri\OneDrive\Documents\GIT\PGE\10_FPGA_ANALYSE\SDI2\impl1\reveal_workspace\tmpreveal\top_level_la0_trig_gen.v (2021-01-26 07:42:54, 2021-01-26 07:54:49) <-- (may instantiate this module)
53       work.pmi_pll.verilog may have changed because the following files changed:
                        C:\Users\cypri\OneDrive\Documents\GIT\PGE\10_FPGA_ANALYSE\SDI2\impl1\reveal_workspace\tmpreveal\TOP_LEVEL_rvl_top.vhd (2021-01-26 07:42:54, 2021-01-26 07:54:49) <-- (may instantiate this module)
                        C:\Users\cypri\OneDrive\Documents\GIT\PGE\10_FPGA_ANALYSE\SDI2\impl1\reveal_workspace\tmpreveal\top_level_la0_gen.v (2021-01-26 07:42:54, 2021-01-26 07:54:49) <-- (may instantiate this module)
                        C:\Users\cypri\OneDrive\Documents\GIT\PGE\10_FPGA_ANALYSE\SDI2\impl1\reveal_workspace\tmpreveal\top_level_la0_trig_gen.v (2021-01-26 07:42:54, 2021-01-26 07:54:49) <-- (may instantiate this module)
54       work.pmi_pll_fp.verilog may have changed because the following files changed:
                        C:\Users\cypri\OneDrive\Documents\GIT\PGE\10_FPGA_ANALYSE\SDI2\impl1\reveal_workspace\tmpreveal\TOP_LEVEL_rvl_top.vhd (2021-01-26 07:42:54, 2021-01-26 07:54:49) <-- (may instantiate this module)
                        C:\Users\cypri\OneDrive\Documents\GIT\PGE\10_FPGA_ANALYSE\SDI2\impl1\reveal_workspace\tmpreveal\top_level_la0_gen.v (2021-01-26 07:42:54, 2021-01-26 07:54:49) <-- (may instantiate this module)
                        C:\Users\cypri\OneDrive\Documents\GIT\PGE\10_FPGA_ANALYSE\SDI2\impl1\reveal_workspace\tmpreveal\top_level_la0_trig_gen.v (2021-01-26 07:42:54, 2021-01-26 07:54:49) <-- (may instantiate this module)
55       work.pmi_ram_dp.verilog may have changed because the following files changed:
                        C:\Users\cypri\OneDrive\Documents\GIT\PGE\10_FPGA_ANALYSE\SDI2\impl1\reveal_workspace\tmpreveal\TOP_LEVEL_rvl_top.vhd (2021-01-26 07:42:54, 2021-01-26 07:54:49) <-- (may instantiate this module)
                        C:\Users\cypri\OneDrive\Documents\GIT\PGE\10_FPGA_ANALYSE\SDI2\impl1\reveal_workspace\tmpreveal\top_level_la0_gen.v (2021-01-26 07:42:54, 2021-01-26 07:54:49) <-- (may instantiate this module)
                        C:\Users\cypri\OneDrive\Documents\GIT\PGE\10_FPGA_ANALYSE\SDI2\impl1\reveal_workspace\tmpreveal\top_level_la0_trig_gen.v (2021-01-26 07:42:54, 2021-01-26 07:54:49) <-- (may instantiate this module)
56       work.pmi_ram_dp_be.verilog may have changed because the following files changed:
                        C:\Users\cypri\OneDrive\Documents\GIT\PGE\10_FPGA_ANALYSE\SDI2\impl1\reveal_workspace\tmpreveal\TOP_LEVEL_rvl_top.vhd (2021-01-26 07:42:54, 2021-01-26 07:54:49) <-- (may instantiate this module)
                        C:\Users\cypri\OneDrive\Documents\GIT\PGE\10_FPGA_ANALYSE\SDI2\impl1\reveal_workspace\tmpreveal\top_level_la0_gen.v (2021-01-26 07:42:54, 2021-01-26 07:54:49) <-- (may instantiate this module)
                        C:\Users\cypri\OneDrive\Documents\GIT\PGE\10_FPGA_ANALYSE\SDI2\impl1\reveal_workspace\tmpreveal\top_level_la0_trig_gen.v (2021-01-26 07:42:54, 2021-01-26 07:54:49) <-- (may instantiate this module)
57       work.pmi_ram_dp_true.verilog may have changed because the following files changed:
                        C:\Users\cypri\OneDrive\Documents\GIT\PGE\10_FPGA_ANALYSE\SDI2\impl1\reveal_workspace\tmpreveal\TOP_LEVEL_rvl_top.vhd (2021-01-26 07:42:54, 2021-01-26 07:54:49) <-- (may instantiate this module)
                        C:\Users\cypri\OneDrive\Documents\GIT\PGE\10_FPGA_ANALYSE\SDI2\impl1\reveal_workspace\tmpreveal\top_level_la0_gen.v (2021-01-26 07:42:54, 2021-01-26 07:54:49) <-- (may instantiate this module)
                        C:\Users\cypri\OneDrive\Documents\GIT\PGE\10_FPGA_ANALYSE\SDI2\impl1\reveal_workspace\tmpreveal\top_level_la0_trig_gen.v (2021-01-26 07:42:54, 2021-01-26 07:54:49) <-- (may instantiate this module)
58       work.pmi_ram_dp_true_be.verilog may have changed because the following files changed:
                        C:\Users\cypri\OneDrive\Documents\GIT\PGE\10_FPGA_ANALYSE\SDI2\impl1\reveal_workspace\tmpreveal\TOP_LEVEL_rvl_top.vhd (2021-01-26 07:42:54, 2021-01-26 07:54:49) <-- (may instantiate this module)
                        C:\Users\cypri\OneDrive\Documents\GIT\PGE\10_FPGA_ANALYSE\SDI2\impl1\reveal_workspace\tmpreveal\top_level_la0_gen.v (2021-01-26 07:42:54, 2021-01-26 07:54:49) <-- (may instantiate this module)
                        C:\Users\cypri\OneDrive\Documents\GIT\PGE\10_FPGA_ANALYSE\SDI2\impl1\reveal_workspace\tmpreveal\top_level_la0_trig_gen.v (2021-01-26 07:42:54, 2021-01-26 07:54:49) <-- (may instantiate this module)
59       work.pmi_ram_dq.verilog may have changed because the following files changed:
                        C:\Users\cypri\OneDrive\Documents\GIT\PGE\10_FPGA_ANALYSE\SDI2\impl1\reveal_workspace\tmpreveal\TOP_LEVEL_rvl_top.vhd (2021-01-26 07:42:54, 2021-01-26 07:54:49) <-- (may instantiate this module)
                        C:\Users\cypri\OneDrive\Documents\GIT\PGE\10_FPGA_ANALYSE\SDI2\impl1\reveal_workspace\tmpreveal\top_level_la0_gen.v (2021-01-26 07:42:54, 2021-01-26 07:54:49) <-- (may instantiate this module)
                        C:\Users\cypri\OneDrive\Documents\GIT\PGE\10_FPGA_ANALYSE\SDI2\impl1\reveal_workspace\tmpreveal\top_level_la0_trig_gen.v (2021-01-26 07:42:54, 2021-01-26 07:54:49) <-- (may instantiate this module)
60       work.pmi_ram_dq_be.verilog may have changed because the following files changed:
                        C:\Users\cypri\OneDrive\Documents\GIT\PGE\10_FPGA_ANALYSE\SDI2\impl1\reveal_workspace\tmpreveal\TOP_LEVEL_rvl_top.vhd (2021-01-26 07:42:54, 2021-01-26 07:54:49) <-- (may instantiate this module)
                        C:\Users\cypri\OneDrive\Documents\GIT\PGE\10_FPGA_ANALYSE\SDI2\impl1\reveal_workspace\tmpreveal\top_level_la0_gen.v (2021-01-26 07:42:54, 2021-01-26 07:54:49) <-- (may instantiate this module)
                        C:\Users\cypri\OneDrive\Documents\GIT\PGE\10_FPGA_ANALYSE\SDI2\impl1\reveal_workspace\tmpreveal\top_level_la0_trig_gen.v (2021-01-26 07:42:54, 2021-01-26 07:54:49) <-- (may instantiate this module)
61       work.pmi_rom.verilog may have changed because the following files changed:
                        C:\Users\cypri\OneDrive\Documents\GIT\PGE\10_FPGA_ANALYSE\SDI2\impl1\reveal_workspace\tmpreveal\TOP_LEVEL_rvl_top.vhd (2021-01-26 07:42:54, 2021-01-26 07:54:49) <-- (may instantiate this module)
                        C:\Users\cypri\OneDrive\Documents\GIT\PGE\10_FPGA_ANALYSE\SDI2\impl1\reveal_workspace\tmpreveal\top_level_la0_gen.v (2021-01-26 07:42:54, 2021-01-26 07:54:49) <-- (may instantiate this module)
                        C:\Users\cypri\OneDrive\Documents\GIT\PGE\10_FPGA_ANALYSE\SDI2\impl1\reveal_workspace\tmpreveal\top_level_la0_trig_gen.v (2021-01-26 07:42:54, 2021-01-26 07:54:49) <-- (may instantiate this module)
62       work.pmi_sub.verilog may have changed because the following files changed:
                        C:\Users\cypri\OneDrive\Documents\GIT\PGE\10_FPGA_ANALYSE\SDI2\impl1\reveal_workspace\tmpreveal\TOP_LEVEL_rvl_top.vhd (2021-01-26 07:42:54, 2021-01-26 07:54:49) <-- (may instantiate this module)
                        C:\Users\cypri\OneDrive\Documents\GIT\PGE\10_FPGA_ANALYSE\SDI2\impl1\reveal_workspace\tmpreveal\top_level_la0_gen.v (2021-01-26 07:42:54, 2021-01-26 07:54:49) <-- (may instantiate this module)
                        C:\Users\cypri\OneDrive\Documents\GIT\PGE\10_FPGA_ANALYSE\SDI2\impl1\reveal_workspace\tmpreveal\top_level_la0_trig_gen.v (2021-01-26 07:42:54, 2021-01-26 07:54:49) <-- (may instantiate this module)
63       work.reveal_coretop.one may have changed because the following files changed:
                        C:\Users\cypri\OneDrive\Documents\GIT\PGE\10_FPGA_ANALYSE\SDI2\impl1\reveal_workspace\tmpreveal\TOP_LEVEL_rvl_top.vhd (2021-01-26 07:42:54, 2021-01-26 07:54:49) <-- (architecture and entity definition)
65       work.rvl_decode.verilog may have changed because the following files changed:
                        C:\Users\cypri\OneDrive\Documents\GIT\PGE\10_FPGA_ANALYSE\SDI2\impl1\reveal_workspace\tmpreveal\TOP_LEVEL_rvl_top.vhd (2021-01-26 07:42:54, 2021-01-26 07:54:49) <-- (may instantiate this module)
                        C:\Users\cypri\OneDrive\Documents\GIT\PGE\10_FPGA_ANALYSE\SDI2\impl1\reveal_workspace\tmpreveal\top_level_la0_gen.v (2021-01-26 07:42:54, 2021-01-26 07:54:49) <-- (may instantiate this module)
                        C:\Users\cypri\OneDrive\Documents\GIT\PGE\10_FPGA_ANALYSE\SDI2\impl1\reveal_workspace\tmpreveal\top_level_la0_trig_gen.v (2021-01-26 07:42:54, 2021-01-26 07:54:49) <-- (may instantiate this module)
68       work.rvl_jtag_int.verilog may have changed because the following files changed:
                        C:\Users\cypri\OneDrive\Documents\GIT\PGE\10_FPGA_ANALYSE\SDI2\impl1\reveal_workspace\tmpreveal\TOP_LEVEL_rvl_top.vhd (2021-01-26 07:42:54, 2021-01-26 07:54:49) <-- (may instantiate this module)
                        C:\Users\cypri\OneDrive\Documents\GIT\PGE\10_FPGA_ANALYSE\SDI2\impl1\reveal_workspace\tmpreveal\top_level_la0_gen.v (2021-01-26 07:42:54, 2021-01-26 07:54:49) <-- (may instantiate this module)
                        C:\Users\cypri\OneDrive\Documents\GIT\PGE\10_FPGA_ANALYSE\SDI2\impl1\reveal_workspace\tmpreveal\top_level_la0_trig_gen.v (2021-01-26 07:42:54, 2021-01-26 07:54:49) <-- (may instantiate this module)
69       work.rvl_serial_tu.verilog may have changed because the following files changed:
                        C:\Users\cypri\OneDrive\Documents\GIT\PGE\10_FPGA_ANALYSE\SDI2\impl1\reveal_workspace\tmpreveal\TOP_LEVEL_rvl_top.vhd (2021-01-26 07:42:54, 2021-01-26 07:54:49) <-- (may instantiate this module)
                        C:\Users\cypri\OneDrive\Documents\GIT\PGE\10_FPGA_ANALYSE\SDI2\impl1\reveal_workspace\tmpreveal\top_level_la0_gen.v (2021-01-26 07:42:54, 2021-01-26 07:54:49) <-- (may instantiate this module)
                        C:\Users\cypri\OneDrive\Documents\GIT\PGE\10_FPGA_ANALYSE\SDI2\impl1\reveal_workspace\tmpreveal\top_level_la0_trig_gen.v (2021-01-26 07:42:54, 2021-01-26 07:54:49) <-- (may instantiate this module)
70       work.rvl_tcnt.verilog may have changed because the following files changed:
                        C:\Users\cypri\OneDrive\Documents\GIT\PGE\10_FPGA_ANALYSE\SDI2\impl1\reveal_workspace\tmpreveal\TOP_LEVEL_rvl_top.vhd (2021-01-26 07:42:54, 2021-01-26 07:54:49) <-- (may instantiate this module)
                        C:\Users\cypri\OneDrive\Documents\GIT\PGE\10_FPGA_ANALYSE\SDI2\impl1\reveal_workspace\tmpreveal\top_level_la0_gen.v (2021-01-26 07:42:54, 2021-01-26 07:54:49) <-- (may instantiate this module)
                        C:\Users\cypri\OneDrive\Documents\GIT\PGE\10_FPGA_ANALYSE\SDI2\impl1\reveal_workspace\tmpreveal\top_level_la0_trig_gen.v (2021-01-26 07:42:54, 2021-01-26 07:54:49) <-- (may instantiate this module)
71       work.rvl_te.verilog may have changed because the following files changed:
                        C:\Users\cypri\OneDrive\Documents\GIT\PGE\10_FPGA_ANALYSE\SDI2\impl1\reveal_workspace\tmpreveal\TOP_LEVEL_rvl_top.vhd (2021-01-26 07:42:54, 2021-01-26 07:54:49) <-- (may instantiate this module)
                        C:\Users\cypri\OneDrive\Documents\GIT\PGE\10_FPGA_ANALYSE\SDI2\impl1\reveal_workspace\tmpreveal\top_level_la0_gen.v (2021-01-26 07:42:54, 2021-01-26 07:54:49) <-- (may instantiate this module)
                        C:\Users\cypri\OneDrive\Documents\GIT\PGE\10_FPGA_ANALYSE\SDI2\impl1\reveal_workspace\tmpreveal\top_level_la0_trig_gen.v (2021-01-26 07:42:54, 2021-01-26 07:54:49) <-- (may instantiate this module)
72       work.rvl_tm.verilog may have changed because the following files changed:
                        C:\Users\cypri\OneDrive\Documents\GIT\PGE\10_FPGA_ANALYSE\SDI2\impl1\reveal_workspace\tmpreveal\TOP_LEVEL_rvl_top.vhd (2021-01-26 07:42:54, 2021-01-26 07:54:49) <-- (may instantiate this module)
                        C:\Users\cypri\OneDrive\Documents\GIT\PGE\10_FPGA_ANALYSE\SDI2\impl1\reveal_workspace\tmpreveal\top_level_la0_gen.v (2021-01-26 07:42:54, 2021-01-26 07:54:49) <-- (may instantiate this module)
                        C:\Users\cypri\OneDrive\Documents\GIT\PGE\10_FPGA_ANALYSE\SDI2\impl1\reveal_workspace\tmpreveal\top_level_la0_trig_gen.v (2021-01-26 07:42:54, 2021-01-26 07:54:49) <-- (may instantiate this module)
73       work.rvl_tu.verilog may have changed because the following files changed:
                        C:\Users\cypri\OneDrive\Documents\GIT\PGE\10_FPGA_ANALYSE\SDI2\impl1\reveal_workspace\tmpreveal\TOP_LEVEL_rvl_top.vhd (2021-01-26 07:42:54, 2021-01-26 07:54:49) <-- (may instantiate this module)
                        C:\Users\cypri\OneDrive\Documents\GIT\PGE\10_FPGA_ANALYSE\SDI2\impl1\reveal_workspace\tmpreveal\top_level_la0_gen.v (2021-01-26 07:42:54, 2021-01-26 07:54:49) <-- (may instantiate this module)
                        C:\Users\cypri\OneDrive\Documents\GIT\PGE\10_FPGA_ANALYSE\SDI2\impl1\reveal_workspace\tmpreveal\top_level_la0_trig_gen.v (2021-01-26 07:42:54, 2021-01-26 07:54:49) <-- (may instantiate this module)
8        work.top_level.arc may have changed because the following files changed:
                        C:\Users\cypri\OneDrive\Documents\GIT\PGE\10_FPGA_ANALYSE\SDI2\impl1\reveal_workspace\tmpreveal\TOP_LEVEL_rvl_top.vhd (2021-01-26 07:42:54, 2021-01-26 07:54:49) <-- (architecture and entity definition)
74       work.top_level_la0.verilog may have changed because the following files changed:
                        C:\Users\cypri\OneDrive\Documents\GIT\PGE\10_FPGA_ANALYSE\SDI2\impl1\reveal_workspace\tmpreveal\TOP_LEVEL_rvl_top.vhd (2021-01-26 07:42:54, 2021-01-26 07:54:49) <-- (may instantiate this module)
                        C:\Users\cypri\OneDrive\Documents\GIT\PGE\10_FPGA_ANALYSE\SDI2\impl1\reveal_workspace\tmpreveal\top_level_la0_gen.v (2021-01-26 07:42:54, 2021-01-26 07:54:49) <-- (module definition)
75       work.top_level_la0_trig.verilog may have changed because the following files changed:
                        C:\Users\cypri\OneDrive\Documents\GIT\PGE\10_FPGA_ANALYSE\SDI2\impl1\reveal_workspace\tmpreveal\TOP_LEVEL_rvl_top.vhd (2021-01-26 07:42:54, 2021-01-26 07:54:49) <-- (may instantiate this module)
                        C:\Users\cypri\OneDrive\Documents\GIT\PGE\10_FPGA_ANALYSE\SDI2\impl1\reveal_workspace\tmpreveal\top_level_la0_gen.v (2021-01-26 07:42:54, 2021-01-26 07:54:49) <-- (may instantiate this module)
                        C:\Users\cypri\OneDrive\Documents\GIT\PGE\10_FPGA_ANALYSE\SDI2\impl1\reveal_workspace\tmpreveal\top_level_la0_trig_gen.v (2021-01-26 07:42:54, 2021-01-26 07:54:49) <-- (module definition)

*******************************************************************
Unmodified files: 21
FID:  path (timestamp)
35       C:\lscc\diamond\3.12\cae_library\synthesis\verilog\pmi_def.v (2020-11-25 07:53:48)
36       C:\lscc\diamond\3.12\module\reveal\src\ertl\JTAG_SOFT.v (2016-03-30 14:25:00)
37       C:\lscc\diamond\3.12\module\reveal\src\ertl\ertl.v (2017-04-26 12:34:32)
38       C:\lscc\diamond\3.12\module\reveal\src\rvl_j2w_module\rvl_j2w_module.v (2013-11-25 16:02:34)
39       C:\lscc\diamond\3.12\module\reveal\src\rvl_j2w_module\wb2sci.v (2013-11-11 16:19:06)
40       C:\lscc\diamond\3.12\synpbase\lib\lucent\ecp3.v (2020-10-29 10:20:54)
41       C:\lscc\diamond\3.12\synpbase\lib\lucent\pmi_def.v (2020-10-29 10:20:54)
22       C:\lscc\diamond\3.12\synpbase\lib\vhd\arith.vhd (2020-10-29 10:23:10)
23       C:\lscc\diamond\3.12\synpbase\lib\vhd\hyperents.vhd (2020-10-29 10:23:10)
24       C:\lscc\diamond\3.12\synpbase\lib\vhd\location.map (2020-11-02 17:26:20)
25       C:\lscc\diamond\3.12\synpbase\lib\vhd\numeric.vhd (2020-10-29 10:23:10)
26       C:\lscc\diamond\3.12\synpbase\lib\vhd\snps_haps_pkg.vhd (2020-10-29 10:23:10)
27       C:\lscc\diamond\3.12\synpbase\lib\vhd\std.vhd (2020-10-29 10:23:10)
28       C:\lscc\diamond\3.12\synpbase\lib\vhd\std1164.vhd (2020-10-29 10:23:10)
29       C:\lscc\diamond\3.12\synpbase\lib\vhd\std_textio.vhd (2020-10-29 10:23:10)
30       C:\lscc\diamond\3.12\synpbase\lib\vhd\umr_capim.vhd (2020-10-29 10:23:10)
31       C:\lscc\diamond\3.12\synpbase\lib\vhd\unsigned.vhd (2020-10-29 10:23:10)
42       C:\lscc\diamond\3.12\synpbase\lib\vlog\hypermods.v (2020-10-29 10:23:10)
43       C:\lscc\diamond\3.12\synpbase\lib\vlog\scemi_objects.v (2020-10-29 10:23:10)
44       C:\lscc\diamond\3.12\synpbase\lib\vlog\scemi_pipes.svh (2020-10-29 10:23:10)
45       C:\lscc\diamond\3.12\synpbase\lib\vlog\umr_capim.v (2020-10-29 10:23:10)

*******************************************************************
Unchanged modules: 13
MID:  lib.cell.view
10       work.JTAG_SOFT.verilog
11       work.idata.verilog
12       work.jtag_cntl_soft.verilog
13       work.jtag_inst_dec_soft.verilog
14       work.jtag_logic_soft.verilog
15       work.jtag_register_soft.verilog
16       work.jtag_tap_cntl_soft.verilog
18       work.jtaghub16.verilog
19       work.jtaghub_if.verilog
66       work.rvl_j2w.verilog
67       work.rvl_jtag2wb.verilog
76       work.wb2sci.verilog
77       work.wb_control.verilog
